
                            < M A T L A B (R) >
                  Copyright 1984-2016 The MathWorks, Inc.
                   R2016b (9.1.0.441655) 64-bit (maci64)
                             September 7, 2016

[Warning: Directory permission denied: /Users/chuanyu/Desktop/YAMLMatlab_0.4.3] 
[Warning: Directory permission denied:
/Users/chuanyu/Desktop/YAMLMatlab_0.4.3/Tests] 
[Warning: Directory permission denied:
/Users/chuanyu/Desktop/YAMLMatlab_0.4.3/Tests/Data] 
[Warning: Directory permission denied:
/Users/chuanyu/Desktop/YAMLMatlab_0.4.3/Tests/Data/test_import] 
[Warning: Directory permission denied:
/Users/chuanyu/Desktop/YAMLMatlab_0.4.3/Tests/Data/test_inheritance] 
[Warning: Directory permission denied:
/Users/chuanyu/Desktop/YAMLMatlab_0.4.3/Tests/Data/test_misc] 
[Warning: Directory permission denied:
/Users/chuanyu/Desktop/YAMLMatlab_0.4.3/Tests/Data/test_primitives] 
[Warning: Directory permission denied:
/Users/chuanyu/Desktop/YAMLMatlab_0.4.3/external] 
[Warning: Directory permission denied:
/Users/chuanyu/Desktop/YAMLMatlab_0.4.3/extras] 
 
To get started, type one of these: helpwin, helpdesk, or demo.
For product information, visit www.mathworks.com.
 
c
Executing: "python /Users/zong/gslab_make/gslab_make_dev/refactor_tests/python.py'
c

Executing: "Rscript --no-save /Users/zong/gslab_make/gslab_make_dev/refactor_tests/r.R'
[1] "c"

Executing: "statamp -e do /Users/zong/gslab_make/gslab_make_dev/refactor_tests/stata.do'


  ___  ____  ____  ____  ____ (R)
 /__    /   ____/   /   ____/
___/   /   /___/   /   /___/   15.1   Copyright 1985-2017 StataCorp LLC
  Statistics/Data Analysis            StataCorp
                                      4905 Lakeway Drive
     MP - Parallel Edition            College Station, Texas 77845 USA
                                      800-STATA-PC        http://www.stata.com
                                      979-696-4600        stata@stata.com
                                      979-696-4601 (fax)

Unlimited-user 4-core Stata network license expires 21 Jul 2019:
       Serial number:  501509201134
         Licensed to:  Zong Huang
                       Stanford University

Notes:
      1.  Stata is running in batch mode.
      2.  Unicode is supported; see help unicode_advice.
      3.  More than 2 billion observations are allowed; see help obs_advice.
      4.  Maximum number of variables is set to 5000; see help set_maxvar.

. do /Users/zong/gslab_make/gslab_make_dev/refactor_tests/stata.do 

. display "c"
c

. 
end of do-file
Executing: "ls'
__init__.py
_tests.py
dir_mod.py
make_link_logs.py
make_links.py
make_log.py
private
refactor_tests
refactor_tests.py
run_program.py
run_program.pyc
tablefill.py
tablefill_info.py
tests
textfill.py
textfill_info.py

